INSTALL	Users/srv-admin/Documents/ios6-app/tvold/vendor/ffmpeg-6.1.6/doc/examples/avio_http_serve_files.c
INSTALL	Users/srv-admin/Documents/ios6-app/tvold/vendor/ffmpeg-6.1.6/doc/examples/avio_list_dir.c
INSTALL	Users/srv-admin/Documents/ios6-app/tvold/vendor/ffmpeg-6.1.6/doc/examples/avio_read_callback.c
INSTALL	Users/srv-admin/Documents/ios6-app/tvold/vendor/ffmpeg-6.1.6/doc/examples/decode_audio.c
INSTALL	Users/srv-admin/Documents/ios6-app/tvold/vendor/ffmpeg-6.1.6/doc/examples/decode_filter_audio.c
INSTALL	Users/srv-admin/Documents/ios6-app/tvold/vendor/ffmpeg-6.1.6/doc/examples/decode_filter_video.c
INSTALL	Users/srv-admin/Documents/ios6-app/tvold/vendor/ffmpeg-6.1.6/doc/examples/decode_video.c
INSTALL	Users/srv-admin/Documents/ios6-app/tvold/vendor/ffmpeg-6.1.6/doc/examples/demux_decode.c
INSTALL	Users/srv-admin/Documents/ios6-app/tvold/vendor/ffmpeg-6.1.6/doc/examples/encode_audio.c
INSTALL	Users/srv-admin/Documents/ios6-app/tvold/vendor/ffmpeg-6.1.6/doc/examples/encode_video.c
INSTALL	Users/srv-admin/Documents/ios6-app/tvold/vendor/ffmpeg-6.1.6/doc/examples/extract_mvs.c
INSTALL	Users/srv-admin/Documents/ios6-app/tvold/vendor/ffmpeg-6.1.6/doc/examples/filter_audio.c
INSTALL	Users/srv-admin/Documents/ios6-app/tvold/vendor/ffmpeg-6.1.6/doc/examples/hw_decode.c
INSTALL	Users/srv-admin/Documents/ios6-app/tvold/vendor/ffmpeg-6.1.6/doc/examples/mux.c
INSTALL	Users/srv-admin/Documents/ios6-app/tvold/vendor/ffmpeg-6.1.6/doc/examples/qsv_decode.c
INSTALL	Users/srv-admin/Documents/ios6-app/tvold/vendor/ffmpeg-6.1.6/doc/examples/qsv_transcode.c
INSTALL	Users/srv-admin/Documents/ios6-app/tvold/vendor/ffmpeg-6.1.6/doc/examples/remux.c
INSTALL	Users/srv-admin/Documents/ios6-app/tvold/vendor/ffmpeg-6.1.6/doc/examples/resample_audio.c
INSTALL	Users/srv-admin/Documents/ios6-app/tvold/vendor/ffmpeg-6.1.6/doc/examples/scale_video.c
INSTALL	Users/srv-admin/Documents/ios6-app/tvold/vendor/ffmpeg-6.1.6/doc/examples/show_metadata.c
INSTALL	Users/srv-admin/Documents/ios6-app/tvold/vendor/ffmpeg-6.1.6/doc/examples/transcode.c
INSTALL	Users/srv-admin/Documents/ios6-app/tvold/vendor/ffmpeg-6.1.6/doc/examples/transcode_aac.c
INSTALL	Users/srv-admin/Documents/ios6-app/tvold/vendor/ffmpeg-6.1.6/doc/examples/vaapi_encode.c
INSTALL	Users/srv-admin/Documents/ios6-app/tvold/vendor/ffmpeg-6.1.6/doc/examples/vaapi_transcode.c
INSTALL	Users/srv-admin/Documents/ios6-app/tvold/vendor/ffmpeg-6.1.6/doc/examples/README
INSTALL	Users/srv-admin/Documents/ios6-app/tvold/vendor/ffmpeg-6.1.6/doc/examples/Makefile
INSTALL	Users/srv-admin/Documents/ios6-app/tvold/vendor/ffmpeg-6.1.6/doc/examples/avio_http_serve_files.c
INSTALL	Users/srv-admin/Documents/ios6-app/tvold/vendor/ffmpeg-6.1.6/doc/examples/avio_list_dir.c
INSTALL	Users/srv-admin/Documents/ios6-app/tvold/vendor/ffmpeg-6.1.6/doc/examples/avio_read_callback.c
INSTALL	Users/srv-admin/Documents/ios6-app/tvold/vendor/ffmpeg-6.1.6/doc/examples/decode_audio.c
INSTALL	Users/srv-admin/Documents/ios6-app/tvold/vendor/ffmpeg-6.1.6/doc/examples/decode_filter_audio.c
INSTALL	Users/srv-admin/Documents/ios6-app/tvold/vendor/ffmpeg-6.1.6/doc/examples/decode_filter_video.c
INSTALL	Users/srv-admin/Documents/ios6-app/tvold/vendor/ffmpeg-6.1.6/doc/examples/decode_video.c
INSTALL	Users/srv-admin/Documents/ios6-app/tvold/vendor/ffmpeg-6.1.6/doc/examples/demux_decode.c
INSTALL	Users/srv-admin/Documents/ios6-app/tvold/vendor/ffmpeg-6.1.6/doc/examples/encode_audio.c
INSTALL	Users/srv-admin/Documents/ios6-app/tvold/vendor/ffmpeg-6.1.6/doc/examples/encode_video.c
INSTALL	Users/srv-admin/Documents/ios6-app/tvold/vendor/ffmpeg-6.1.6/doc/examples/extract_mvs.c
INSTALL	Users/srv-admin/Documents/ios6-app/tvold/vendor/ffmpeg-6.1.6/doc/examples/filter_audio.c
INSTALL	Users/srv-admin/Documents/ios6-app/tvold/vendor/ffmpeg-6.1.6/doc/examples/hw_decode.c
INSTALL	Users/srv-admin/Documents/ios6-app/tvold/vendor/ffmpeg-6.1.6/doc/examples/mux.c
INSTALL	Users/srv-admin/Documents/ios6-app/tvold/vendor/ffmpeg-6.1.6/doc/examples/qsv_decode.c
INSTALL	Users/srv-admin/Documents/ios6-app/tvold/vendor/ffmpeg-6.1.6/doc/examples/qsv_transcode.c
INSTALL	Users/srv-admin/Documents/ios6-app/tvold/vendor/ffmpeg-6.1.6/doc/examples/remux.c
INSTALL	Users/srv-admin/Documents/ios6-app/tvold/vendor/ffmpeg-6.1.6/doc/examples/resample_audio.c
INSTALL	Users/srv-admin/Documents/ios6-app/tvold/vendor/ffmpeg-6.1.6/doc/examples/scale_video.c
INSTALL	Users/srv-admin/Documents/ios6-app/tvold/vendor/ffmpeg-6.1.6/doc/examples/show_metadata.c
INSTALL	Users/srv-admin/Documents/ios6-app/tvold/vendor/ffmpeg-6.1.6/doc/examples/transcode.c
INSTALL	Users/srv-admin/Documents/ios6-app/tvold/vendor/ffmpeg-6.1.6/doc/examples/transcode_aac.c
INSTALL	Users/srv-admin/Documents/ios6-app/tvold/vendor/ffmpeg-6.1.6/doc/examples/vaapi_encode.c
INSTALL	Users/srv-admin/Documents/ios6-app/tvold/vendor/ffmpeg-6.1.6/doc/examples/vaapi_transcode.c
INSTALL	Users/srv-admin/Documents/ios6-app/tvold/vendor/ffmpeg-6.1.6/doc/examples/README
INSTALL	Users/srv-admin/Documents/ios6-app/tvold/vendor/ffmpeg-6.1.6/doc/examples/Makefile
INSTALL	libavcodec/libavcodec.a
INSTALL	libavutil/libavutil.a
INSTALL	Users/srv-admin/Documents/ios6-app/tvold/vendor/ffmpeg-6.1.6/libavcodec/ac3_parser.h
INSTALL	Users/srv-admin/Documents/ios6-app/tvold/vendor/ffmpeg-6.1.6/libavcodec/adts_parser.h
INSTALL	Users/srv-admin/Documents/ios6-app/tvold/vendor/ffmpeg-6.1.6/libavcodec/avcodec.h
INSTALL	Users/srv-admin/Documents/ios6-app/tvold/vendor/ffmpeg-6.1.6/libavcodec/avdct.h
INSTALL	Users/srv-admin/Documents/ios6-app/tvold/vendor/ffmpeg-6.1.6/libavcodec/avfft.h
INSTALL	Users/srv-admin/Documents/ios6-app/tvold/vendor/ffmpeg-6.1.6/libavcodec/bsf.h
INSTALL	Users/srv-admin/Documents/ios6-app/tvold/vendor/ffmpeg-6.1.6/libavcodec/codec.h
INSTALL	Users/srv-admin/Documents/ios6-app/tvold/vendor/ffmpeg-6.1.6/libavcodec/codec_desc.h
INSTALL	Users/srv-admin/Documents/ios6-app/tvold/vendor/ffmpeg-6.1.6/libavcodec/codec_id.h
INSTALL	Users/srv-admin/Documents/ios6-app/tvold/vendor/ffmpeg-6.1.6/libavcodec/codec_par.h
INSTALL	Users/srv-admin/Documents/ios6-app/tvold/vendor/ffmpeg-6.1.6/libavcodec/d3d11va.h
INSTALL	Users/srv-admin/Documents/ios6-app/tvold/vendor/ffmpeg-6.1.6/libavcodec/defs.h
INSTALL	Users/srv-admin/Documents/ios6-app/tvold/vendor/ffmpeg-6.1.6/libavcodec/dirac.h
INSTALL	Users/srv-admin/Documents/ios6-app/tvold/vendor/ffmpeg-6.1.6/libavcodec/dv_profile.h
INSTALL	Users/srv-admin/Documents/ios6-app/tvold/vendor/ffmpeg-6.1.6/libavcodec/dxva2.h
INSTALL	Users/srv-admin/Documents/ios6-app/tvold/vendor/ffmpeg-6.1.6/libavcodec/jni.h
INSTALL	Users/srv-admin/Documents/ios6-app/tvold/vendor/ffmpeg-6.1.6/libavcodec/mediacodec.h
INSTALL	Users/srv-admin/Documents/ios6-app/tvold/vendor/ffmpeg-6.1.6/libavcodec/packet.h
INSTALL	Users/srv-admin/Documents/ios6-app/tvold/vendor/ffmpeg-6.1.6/libavcodec/qsv.h
INSTALL	Users/srv-admin/Documents/ios6-app/tvold/vendor/ffmpeg-6.1.6/libavcodec/vdpau.h
INSTALL	Users/srv-admin/Documents/ios6-app/tvold/vendor/ffmpeg-6.1.6/libavcodec/version.h
INSTALL	Users/srv-admin/Documents/ios6-app/tvold/vendor/ffmpeg-6.1.6/libavcodec/version_major.h
INSTALL	Users/srv-admin/Documents/ios6-app/tvold/vendor/ffmpeg-6.1.6/libavcodec/videotoolbox.h
INSTALL	Users/srv-admin/Documents/ios6-app/tvold/vendor/ffmpeg-6.1.6/libavcodec/vorbis_parser.h
INSTALL	Users/srv-admin/Documents/ios6-app/tvold/vendor/ffmpeg-6.1.6/libavcodec/xvmc.h
INSTALL	libavcodec/libavcodec.pc
INSTALL	Users/srv-admin/Documents/ios6-app/tvold/vendor/ffmpeg-6.1.6/libavutil/adler32.h
INSTALL	Users/srv-admin/Documents/ios6-app/tvold/vendor/ffmpeg-6.1.6/libavutil/aes.h
INSTALL	Users/srv-admin/Documents/ios6-app/tvold/vendor/ffmpeg-6.1.6/libavutil/aes_ctr.h
INSTALL	Users/srv-admin/Documents/ios6-app/tvold/vendor/ffmpeg-6.1.6/libavutil/ambient_viewing_environment.h
INSTALL	Users/srv-admin/Documents/ios6-app/tvold/vendor/ffmpeg-6.1.6/libavutil/attributes.h
INSTALL	Users/srv-admin/Documents/ios6-app/tvold/vendor/ffmpeg-6.1.6/libavutil/audio_fifo.h
INSTALL	Users/srv-admin/Documents/ios6-app/tvold/vendor/ffmpeg-6.1.6/libavutil/avassert.h
INSTALL	Users/srv-admin/Documents/ios6-app/tvold/vendor/ffmpeg-6.1.6/libavutil/avstring.h
INSTALL	Users/srv-admin/Documents/ios6-app/tvold/vendor/ffmpeg-6.1.6/libavutil/avutil.h
INSTALL	Users/srv-admin/Documents/ios6-app/tvold/vendor/ffmpeg-6.1.6/libavutil/base64.h
INSTALL	Users/srv-admin/Documents/ios6-app/tvold/vendor/ffmpeg-6.1.6/libavutil/blowfish.h
INSTALL	Users/srv-admin/Documents/ios6-app/tvold/vendor/ffmpeg-6.1.6/libavutil/bprint.h
INSTALL	Users/srv-admin/Documents/ios6-app/tvold/vendor/ffmpeg-6.1.6/libavutil/bswap.h
INSTALL	Users/srv-admin/Documents/ios6-app/tvold/vendor/ffmpeg-6.1.6/libavutil/buffer.h
INSTALL	Users/srv-admin/Documents/ios6-app/tvold/vendor/ffmpeg-6.1.6/libavutil/cast5.h
INSTALL	Users/srv-admin/Documents/ios6-app/tvold/vendor/ffmpeg-6.1.6/libavutil/camellia.h
INSTALL	Users/srv-admin/Documents/ios6-app/tvold/vendor/ffmpeg-6.1.6/libavutil/channel_layout.h
INSTALL	Users/srv-admin/Documents/ios6-app/tvold/vendor/ffmpeg-6.1.6/libavutil/common.h
INSTALL	Users/srv-admin/Documents/ios6-app/tvold/vendor/ffmpeg-6.1.6/libavutil/cpu.h
INSTALL	Users/srv-admin/Documents/ios6-app/tvold/vendor/ffmpeg-6.1.6/libavutil/crc.h
INSTALL	Users/srv-admin/Documents/ios6-app/tvold/vendor/ffmpeg-6.1.6/libavutil/csp.h
INSTALL	Users/srv-admin/Documents/ios6-app/tvold/vendor/ffmpeg-6.1.6/libavutil/des.h
INSTALL	Users/srv-admin/Documents/ios6-app/tvold/vendor/ffmpeg-6.1.6/libavutil/detection_bbox.h
INSTALL	Users/srv-admin/Documents/ios6-app/tvold/vendor/ffmpeg-6.1.6/libavutil/dict.h
INSTALL	Users/srv-admin/Documents/ios6-app/tvold/vendor/ffmpeg-6.1.6/libavutil/display.h
INSTALL	Users/srv-admin/Documents/ios6-app/tvold/vendor/ffmpeg-6.1.6/libavutil/dovi_meta.h
INSTALL	Users/srv-admin/Documents/ios6-app/tvold/vendor/ffmpeg-6.1.6/libavutil/downmix_info.h
INSTALL	Users/srv-admin/Documents/ios6-app/tvold/vendor/ffmpeg-6.1.6/libavutil/encryption_info.h
INSTALL	Users/srv-admin/Documents/ios6-app/tvold/vendor/ffmpeg-6.1.6/libavutil/error.h
INSTALL	Users/srv-admin/Documents/ios6-app/tvold/vendor/ffmpeg-6.1.6/libavutil/eval.h
INSTALL	Users/srv-admin/Documents/ios6-app/tvold/vendor/ffmpeg-6.1.6/libavutil/executor.h
INSTALL	Users/srv-admin/Documents/ios6-app/tvold/vendor/ffmpeg-6.1.6/libavutil/fifo.h
INSTALL	Users/srv-admin/Documents/ios6-app/tvold/vendor/ffmpeg-6.1.6/libavutil/file.h
INSTALL	Users/srv-admin/Documents/ios6-app/tvold/vendor/ffmpeg-6.1.6/libavutil/frame.h
INSTALL	Users/srv-admin/Documents/ios6-app/tvold/vendor/ffmpeg-6.1.6/libavutil/hash.h
INSTALL	Users/srv-admin/Documents/ios6-app/tvold/vendor/ffmpeg-6.1.6/libavutil/hdr_dynamic_metadata.h
INSTALL	Users/srv-admin/Documents/ios6-app/tvold/vendor/ffmpeg-6.1.6/libavutil/hdr_dynamic_vivid_metadata.h
INSTALL	Users/srv-admin/Documents/ios6-app/tvold/vendor/ffmpeg-6.1.6/libavutil/hmac.h
INSTALL	Users/srv-admin/Documents/ios6-app/tvold/vendor/ffmpeg-6.1.6/libavutil/hwcontext.h
INSTALL	Users/srv-admin/Documents/ios6-app/tvold/vendor/ffmpeg-6.1.6/libavutil/hwcontext_cuda.h
INSTALL	Users/srv-admin/Documents/ios6-app/tvold/vendor/ffmpeg-6.1.6/libavutil/hwcontext_d3d11va.h
INSTALL	Users/srv-admin/Documents/ios6-app/tvold/vendor/ffmpeg-6.1.6/libavutil/hwcontext_drm.h
INSTALL	Users/srv-admin/Documents/ios6-app/tvold/vendor/ffmpeg-6.1.6/libavutil/hwcontext_dxva2.h
INSTALL	Users/srv-admin/Documents/ios6-app/tvold/vendor/ffmpeg-6.1.6/libavutil/hwcontext_qsv.h
INSTALL	Users/srv-admin/Documents/ios6-app/tvold/vendor/ffmpeg-6.1.6/libavutil/hwcontext_mediacodec.h
INSTALL	Users/srv-admin/Documents/ios6-app/tvold/vendor/ffmpeg-6.1.6/libavutil/hwcontext_opencl.h
INSTALL	Users/srv-admin/Documents/ios6-app/tvold/vendor/ffmpeg-6.1.6/libavutil/hwcontext_vaapi.h
INSTALL	Users/srv-admin/Documents/ios6-app/tvold/vendor/ffmpeg-6.1.6/libavutil/hwcontext_videotoolbox.h
INSTALL	Users/srv-admin/Documents/ios6-app/tvold/vendor/ffmpeg-6.1.6/libavutil/hwcontext_vdpau.h
INSTALL	Users/srv-admin/Documents/ios6-app/tvold/vendor/ffmpeg-6.1.6/libavutil/hwcontext_vulkan.h
INSTALL	Users/srv-admin/Documents/ios6-app/tvold/vendor/ffmpeg-6.1.6/libavutil/imgutils.h
INSTALL	Users/srv-admin/Documents/ios6-app/tvold/vendor/ffmpeg-6.1.6/libavutil/intfloat.h
INSTALL	Users/srv-admin/Documents/ios6-app/tvold/vendor/ffmpeg-6.1.6/libavutil/intreadwrite.h
INSTALL	Users/srv-admin/Documents/ios6-app/tvold/vendor/ffmpeg-6.1.6/libavutil/lfg.h
INSTALL	Users/srv-admin/Documents/ios6-app/tvold/vendor/ffmpeg-6.1.6/libavutil/log.h
INSTALL	Users/srv-admin/Documents/ios6-app/tvold/vendor/ffmpeg-6.1.6/libavutil/lzo.h
INSTALL	Users/srv-admin/Documents/ios6-app/tvold/vendor/ffmpeg-6.1.6/libavutil/macros.h
INSTALL	Users/srv-admin/Documents/ios6-app/tvold/vendor/ffmpeg-6.1.6/libavutil/mathematics.h
INSTALL	Users/srv-admin/Documents/ios6-app/tvold/vendor/ffmpeg-6.1.6/libavutil/mastering_display_metadata.h
INSTALL	Users/srv-admin/Documents/ios6-app/tvold/vendor/ffmpeg-6.1.6/libavutil/md5.h
INSTALL	Users/srv-admin/Documents/ios6-app/tvold/vendor/ffmpeg-6.1.6/libavutil/mem.h
INSTALL	Users/srv-admin/Documents/ios6-app/tvold/vendor/ffmpeg-6.1.6/libavutil/motion_vector.h
INSTALL	Users/srv-admin/Documents/ios6-app/tvold/vendor/ffmpeg-6.1.6/libavutil/murmur3.h
INSTALL	Users/srv-admin/Documents/ios6-app/tvold/vendor/ffmpeg-6.1.6/libavutil/opt.h
INSTALL	Users/srv-admin/Documents/ios6-app/tvold/vendor/ffmpeg-6.1.6/libavutil/parseutils.h
INSTALL	Users/srv-admin/Documents/ios6-app/tvold/vendor/ffmpeg-6.1.6/libavutil/pixdesc.h
INSTALL	Users/srv-admin/Documents/ios6-app/tvold/vendor/ffmpeg-6.1.6/libavutil/pixelutils.h
INSTALL	Users/srv-admin/Documents/ios6-app/tvold/vendor/ffmpeg-6.1.6/libavutil/pixfmt.h
INSTALL	Users/srv-admin/Documents/ios6-app/tvold/vendor/ffmpeg-6.1.6/libavutil/random_seed.h
INSTALL	Users/srv-admin/Documents/ios6-app/tvold/vendor/ffmpeg-6.1.6/libavutil/rc4.h
INSTALL	Users/srv-admin/Documents/ios6-app/tvold/vendor/ffmpeg-6.1.6/libavutil/rational.h
INSTALL	Users/srv-admin/Documents/ios6-app/tvold/vendor/ffmpeg-6.1.6/libavutil/replaygain.h
INSTALL	Users/srv-admin/Documents/ios6-app/tvold/vendor/ffmpeg-6.1.6/libavutil/ripemd.h
INSTALL	Users/srv-admin/Documents/ios6-app/tvold/vendor/ffmpeg-6.1.6/libavutil/samplefmt.h
INSTALL	Users/srv-admin/Documents/ios6-app/tvold/vendor/ffmpeg-6.1.6/libavutil/sha.h
INSTALL	Users/srv-admin/Documents/ios6-app/tvold/vendor/ffmpeg-6.1.6/libavutil/sha512.h
INSTALL	Users/srv-admin/Documents/ios6-app/tvold/vendor/ffmpeg-6.1.6/libavutil/spherical.h
INSTALL	Users/srv-admin/Documents/ios6-app/tvold/vendor/ffmpeg-6.1.6/libavutil/stereo3d.h
INSTALL	Users/srv-admin/Documents/ios6-app/tvold/vendor/ffmpeg-6.1.6/libavutil/threadmessage.h
INSTALL	Users/srv-admin/Documents/ios6-app/tvold/vendor/ffmpeg-6.1.6/libavutil/time.h
INSTALL	Users/srv-admin/Documents/ios6-app/tvold/vendor/ffmpeg-6.1.6/libavutil/timecode.h
INSTALL	Users/srv-admin/Documents/ios6-app/tvold/vendor/ffmpeg-6.1.6/libavutil/timestamp.h
INSTALL	Users/srv-admin/Documents/ios6-app/tvold/vendor/ffmpeg-6.1.6/libavutil/tree.h
INSTALL	Users/srv-admin/Documents/ios6-app/tvold/vendor/ffmpeg-6.1.6/libavutil/twofish.h
INSTALL	Users/srv-admin/Documents/ios6-app/tvold/vendor/ffmpeg-6.1.6/libavutil/uuid.h
INSTALL	Users/srv-admin/Documents/ios6-app/tvold/vendor/ffmpeg-6.1.6/libavutil/version.h
INSTALL	Users/srv-admin/Documents/ios6-app/tvold/vendor/ffmpeg-6.1.6/libavutil/video_enc_params.h
INSTALL	Users/srv-admin/Documents/ios6-app/tvold/vendor/ffmpeg-6.1.6/libavutil/xtea.h
INSTALL	Users/srv-admin/Documents/ios6-app/tvold/vendor/ffmpeg-6.1.6/libavutil/tea.h
INSTALL	Users/srv-admin/Documents/ios6-app/tvold/vendor/ffmpeg-6.1.6/libavutil/tx.h
INSTALL	Users/srv-admin/Documents/ios6-app/tvold/vendor/ffmpeg-6.1.6/libavutil/film_grain_params.h
INSTALL	Users/srv-admin/Documents/ios6-app/tvold/vendor/ffmpeg-6.1.6/libavutil/video_hint.h
INSTALL	libavutil/avconfig.h
INSTALL	libavutil/ffversion.h
INSTALL	libavutil/libavutil.pc
